// Jest Snapshot v1, https://goo.gl/fbAQLP

exports[`NameListComponet match sanpshot 1`] = `
<ul>
  <li>
    벨로퍼트
  </li>
  <li>
    김민준
  </li>
</ul>
`;
